  Determining projects to restore...
  Restored c:\git\hotshot-logistics-admin-portal\2-Application\HotshotLogistics.Application\HotshotLogistics.Application.csproj (in 339 ms).
  Restored C:\git\hotshot-logistics-admin-portal\5-Test\HotshotLogistics.IntegrationTests\HotshotLogistics.IntegrationTests.csproj (in 345 ms).
  Restored c:\git\hotshot-logistics-admin-portal\4-Persistence\HotshotLogistics.Data\HotshotLogistics.Data.csproj (in 343 ms).
  Restored C:\git\hotshot-logistics-admin-portal\1-Presentation\HotshotLogistics.Api\HotshotLogistics.Api.csproj (in 345 ms).
  Restored c:\git\hotshot-logistics-admin-portal\4-Persistence\MigrationRunner\MigrationRunner.csproj (in 343 ms).
  Restored c:\git\hotshot-logistics-admin-portal\5-Test\HotshotLogistics.Tests\HotshotLogistics.Tests.csproj (in 349 ms).
  6 of 12 projects are up-to-date for restore.
C:\Program Files\dotnet\sdk\10.0.100-rc.2.25502.107\Sdks\Microsoft.NET.Sdk\targets\Microsoft.NET.RuntimeIdentifierInference.targets(351,5): message NETSDK1057: You are using a preview version of .NET. See: https://aka.ms/dotnet-support-policy [c:\git\hotshot-logistics-admin-portal\3-Domain\HotshotLogistics.Contracts\HotshotLogistics.Contracts.csproj]
C:\Program Files\dotnet\sdk\10.0.100-rc.2.25502.107\Sdks\Microsoft.NET.Sdk\targets\Microsoft.NET.RuntimeIdentifierInference.targets(351,5): message NETSDK1057: You are using a preview version of .NET. See: https://aka.ms/dotnet-support-policy [c:\git\hotshot-logistics-admin-portal\2-Application\HotshotLogistics.Application\HotshotLogistics.Application.csproj]
C:\Program Files\dotnet\sdk\10.0.100-rc.2.25502.107\Sdks\Microsoft.NET.Sdk\targets\Microsoft.NET.RuntimeIdentifierInference.targets(351,5): message NETSDK1057: You are using a preview version of .NET. See: https://aka.ms/dotnet-support-policy [c:\git\hotshot-logistics-admin-portal\7-Deployment\DbSetup\HotshotLogistics.DbSetup\HotshotLogistics.DbSetup.csproj]
C:\Program Files\dotnet\sdk\10.0.100-rc.2.25502.107\Sdks\Microsoft.NET.Sdk\targets\Microsoft.NET.RuntimeIdentifierInference.targets(351,5): message NETSDK1057: You are using a preview version of .NET. See: https://aka.ms/dotnet-support-policy [c:\git\hotshot-logistics-admin-portal\7-Deployment\DbSetup\HotshotLogistics.DbSetup.Tests\HotshotLogistics.DbSetup.Tests.csproj]
C:\Program Files\dotnet\sdk\10.0.100-rc.2.25502.107\Sdks\Microsoft.NET.Sdk\targets\Microsoft.NET.RuntimeIdentifierInference.targets(351,5): message NETSDK1057: You are using a preview version of .NET. See: https://aka.ms/dotnet-support-policy [c:\git\hotshot-logistics-admin-portal\7-Deployment\Azure-deploy\HotshotLogistics.Infrastructure.csproj]
C:\Program Files\dotnet\sdk\10.0.100-rc.2.25502.107\Sdks\Microsoft.NET.Sdk\targets\Microsoft.NET.RuntimeIdentifierInference.targets(351,5): message NETSDK1057: You are using a preview version of .NET. See: https://aka.ms/dotnet-support-policy [c:\git\hotshot-logistics-admin-portal\4-Persistence\HotshotLogistics.Data\HotshotLogistics.Data.csproj]
C:\Program Files\dotnet\sdk\10.0.100-rc.2.25502.107\Sdks\Microsoft.NET.Sdk\targets\Microsoft.NET.RuntimeIdentifierInference.targets(351,5): message NETSDK1057: You are using a preview version of .NET. See: https://aka.ms/dotnet-support-policy [c:\git\hotshot-logistics-admin-portal\3-Domain\HotshotLogistics.Domain\HotshotLogistics.Domain.csproj]
C:\Program Files\dotnet\sdk\10.0.100-rc.2.25502.107\Sdks\Microsoft.NET.Sdk\targets\Microsoft.NET.RuntimeIdentifierInference.targets(351,5): message NETSDK1057: You are using a preview version of .NET. See: https://aka.ms/dotnet-support-policy [c:\git\hotshot-logistics-admin-portal\5-Test\HotshotLogistics.IntegrationTests\HotshotLogistics.IntegrationTests.csproj]
C:\Program Files\dotnet\sdk\10.0.100-rc.2.25502.107\Sdks\Microsoft.NET.Sdk\targets\Microsoft.NET.RuntimeIdentifierInference.targets(351,5): message NETSDK1057: You are using a preview version of .NET. See: https://aka.ms/dotnet-support-policy [c:\git\hotshot-logistics-admin-portal\1-Presentation\HotshotLogistics.Api\HotshotLogistics.Api.csproj]
C:\Program Files\dotnet\sdk\10.0.100-rc.2.25502.107\Sdks\Microsoft.NET.Sdk\targets\Microsoft.NET.RuntimeIdentifierInference.targets(351,5): message NETSDK1057: You are using a preview version of .NET. See: https://aka.ms/dotnet-support-policy [c:\git\hotshot-logistics-admin-portal\4-Persistence\MigrationRunner\MigrationRunner.csproj]
C:\Program Files\dotnet\sdk\10.0.100-rc.2.25502.107\Sdks\Microsoft.NET.Sdk\targets\Microsoft.NET.RuntimeIdentifierInference.targets(351,5): message NETSDK1057: You are using a preview version of .NET. See: https://aka.ms/dotnet-support-policy [c:\git\hotshot-logistics-admin-portal\5-Test\HotshotLogistics.Tests\HotshotLogistics.Tests.csproj]
C:\Program Files\dotnet\sdk\10.0.100-rc.2.25502.107\Sdks\Microsoft.NET.Sdk\targets\Microsoft.NET.RuntimeIdentifierInference.targets(351,5): message NETSDK1057: You are using a preview version of .NET. See: https://aka.ms/dotnet-support-policy [c:\git\hotshot-logistics-admin-portal\0-Base\HotshotLogistics.Core\HotshotLogistics.Core.csproj]
  HotshotLogistics.DbSetup -> c:\git\hotshot-logistics-admin-portal\7-Deployment\DbSetup\HotshotLogistics.DbSetup\bin\Debug\net8.0\HotshotLogistics.DbSetup.dll
  HotshotLogistics.Infrastructure -> c:\git\hotshot-logistics-admin-portal\7-Deployment\Azure-deploy\bin\Debug\net8.0\HotshotLogistics.Infrastructure.dll
  HotshotLogistics.DbSetup.Tests -> c:\git\hotshot-logistics-admin-portal\7-Deployment\DbSetup\HotshotLogistics.DbSetup.Tests\bin\Debug\net8.0\HotshotLogistics.DbSetup.Tests.dll
c:\git\hotshot-logistics-admin-portal\0-Base\HotshotLogistics.Core\Security\HtmlSanitizer.cs(24,24): error CS0246: The type or namespace name 'Sanitizer' could not be found (are you missing a using directive or an assembly reference?) [c:\git\hotshot-logistics-admin-portal\0-Base\HotshotLogistics.Core\HotshotLogistics.Core.csproj]
c:\git\hotshot-logistics-admin-portal\0-Base\HotshotLogistics.Core\Security\HtmlSanitizer.cs(17,38): error CS0246: The type or namespace name 'Sanitizer' could not be found (are you missing a using directive or an assembly reference?) [c:\git\hotshot-logistics-admin-portal\0-Base\HotshotLogistics.Core\HotshotLogistics.Core.csproj]

Build FAILED.

c:\git\hotshot-logistics-admin-portal\0-Base\HotshotLogistics.Core\Security\HtmlSanitizer.cs(24,24): error CS0246: The type or namespace name 'Sanitizer' could not be found (are you missing a using directive or an assembly reference?) [c:\git\hotshot-logistics-admin-portal\0-Base\HotshotLogistics.Core\HotshotLogistics.Core.csproj]
c:\git\hotshot-logistics-admin-portal\0-Base\HotshotLogistics.Core\Security\HtmlSanitizer.cs(17,38): error CS0246: The type or namespace name 'Sanitizer' could not be found (are you missing a using directive or an assembly reference?) [c:\git\hotshot-logistics-admin-portal\0-Base\HotshotLogistics.Core\HotshotLogistics.Core.csproj]
    0 Warning(s)
    2 Error(s)

Time Elapsed 00:00:01.28
